#-----------------------------------------------------------
# Vivado v2017.4 (64-bit)
# SW Build 2086221 on Fri Dec 15 20:55:39 MST 2017
# IP Build 2085800 on Fri Dec 15 22:25:07 MST 2017
# Start of session at: Fri Sep 16 10:09:44 2022
# Process ID: 19628
# Current directory: C:/Users/Frey/Desktop/大二下/计组/计组实验/Lab0 Vivado介绍和模块封装（学生版）/OExp00/Water_LED
# Command line: vivado.exe -gui_launcher_event rodinguilauncherevent4684 C:\Users\Frey\Desktop\大二下\计组\计组实验\Lab0 Vivado介绍和模块封装（学生版）\OExp00\Water_LED\Water_LED.xpr
# Log file: C:/Users/Frey/Desktop/大二下/计组/计组实验/Lab0 Vivado介绍和模块封装（学生版）/OExp00/Water_LED/vivado.log
# Journal file: C:/Users/Frey/Desktop/大二下/计组/计组实验/Lab0 Vivado介绍和模块封装（学生版）/OExp00/Water_LED\vivado.jou
#-----------------------------------------------------------
start_gui
open_project {C:/Users/Frey/Desktop/大二下/计组/计组实验/Lab0 Vivado介绍和模块封装（学生版）/OExp00/Water_LED/Water_LED.xpr}
update_compile_order -fileset sources_1
open_hw
connect_hw_server
open_hw_target
set_property PROGRAM.FILE {C:/Users/Frey/Desktop/大二下/计组/计组实验/Lab0 Vivado介绍和模块封装（学生版）/OExp00/Water_LED/Water_LED.runs/impl_1/Water_LED.bit} [get_hw_devices xc7k160t_0]
current_hw_device [get_hw_devices xc7k160t_0]
refresh_hw_device -update_hw_probes false [lindex [get_hw_devices xc7k160t_0] 0]
reset_run impl_1 -prev_step 
launch_runs impl_1 -to_step write_bitstream -jobs 4
wait_on_run impl_1
set_property PROBES.FILE {} [get_hw_devices xc7k160t_0]
set_property FULL_PROBES.FILE {} [get_hw_devices xc7k160t_0]
set_property PROGRAM.FILE {C:/Users/Frey/Desktop/Water_LED.bit} [get_hw_devices xc7k160t_0]
program_hw_devices [get_hw_devices xc7k160t_0]
refresh_hw_device [lindex [get_hw_devices xc7k160t_0] 0]
refresh_hw_device [lindex [get_hw_devices xc7k160t_0] 0]
